../Core/Src/main.c:42:6:UpdateOLEDSafe	16	static
../Core/Src/main.c:71:6:HAL_UART_TxCpltCallback	16	static
../Core/Src/main.c:76:6:decrypt	56	static
../Core/Src/main.c:90:6:decryptMessage	32	static
../Core/Src/main.c:109:6:HAL_UARTEx_RxEventCallback	16	static
../Core/Src/main.c:129:5:main	8	static
../Core/Src/main.c:179:13:MX_USART1_UART_Init	8	static
../Core/Src/main.c:194:13:MX_GPIO_Init	48	static
../Core/Src/main.c:222:13:MX_I2C1_Init	8	static
../Core/Src/main.c:242:6:SystemClock_Config	88	static
../Core/Src/main.c:276:6:Error_Handler	8	static
