../Core/Src/main.c:40:6:encrypt	56	static
../Core/Src/main.c:52:6:decrypt	56	static
../Core/Src/main.c:64:6:encryptMessage	24	static
../Core/Src/main.c:80:6:decryptMessage	24	static
../Core/Src/main.c:93:6:HAL_UARTEx_RxEventCallback	16	static
../Core/Src/main.c:102:6:HAL_GPIO_EXTI_Callback	16	static
../Core/Src/main.c:110:5:main	16	static
../Core/Src/main.c:145:6:SystemClock_Config	88	static
../Core/Src/main.c:192:13:MX_USART1_UART_Init	8	static
../Core/Src/main.c:213:13:MX_GPIO_Init	40	static
../Core/Src/main.c:237:6:Error_Handler	4	static,ignoring_inline_asm
