../Core/Src/main.c:42:6:bin_to_hex	56	static
../Core/Src/main.c:52:6:decrypt	56	static
../Core/Src/main.c:66:6:decryptMessage	24	static
../Core/Src/main.c:87:6:HAL_UARTEx_RxEventCallback	16	static
../Core/Src/main.c:118:5:main	8	static
../Core/Src/main.c:157:13:MX_USART1_UART_Init	8	static
../Core/Src/main.c:172:13:MX_I2C1_Init	8	static
../Core/Src/main.c:187:13:MX_GPIO_Init	40	static
../Core/Src/main.c:204:6:SystemClock_Config	88	static
../Core/Src/main.c:238:6:Error_Handler	4	static,ignoring_inline_asm
