../Core/Src/main.c:38:6:HAL_UART_TxCpltCallback	16	static
../Core/Src/main.c:45:6:encrypt	56	static
../Core/Src/main.c:59:6:decrypt	56	static
../Core/Src/main.c:73:6:encryptMessage	24	static
../Core/Src/main.c:97:6:decryptMessage	16	static
../Core/Src/main.c:101:5:main	16	static
../Core/Src/main.c:163:13:MX_USART1_UART_Init	8	static
../Core/Src/main.c:178:13:MX_GPIO_Init	48	static
../Core/Src/main.c:198:6:SystemClock_Config	88	static
../Core/Src/main.c:232:13:MX_I2C1_Init	8	static
../Core/Src/main.c:247:13:MX_ADC1_Init	24	static
../Core/Src/main.c:272:6:Error_Handler	4	static,ignoring_inline_asm
