../Core/Src/main.c:34:6:encrypt	40	static
../Core/Src/main.c:45:6:encryptMessage	24	static
../Core/Src/main.c:58:6:HAL_GPIO_EXTI_Callback	16	static
../Core/Src/main.c:64:5:main	16	static
../Core/Src/main.c:101:6:SystemClock_Config	88	static
../Core/Src/main.c:147:13:MX_ADC1_Init	24	static
../Core/Src/main.c:199:13:MX_I2C1_Init	8	static
../Core/Src/main.c:233:13:MX_USART1_UART_Init	8	static
../Core/Src/main.c:266:13:MX_GPIO_Init	48	static
../Core/Src/main.c:300:6:Error_Handler	4	static,ignoring_inline_asm
