../Core/Src/main.c:41:6:HAL_UART_TxCpltCallback	16	static
../Core/Src/main.c:48:6:encrypt	56	static
../Core/Src/main.c:62:6:decrypt	56	static
../Core/Src/main.c:76:6:encryptMessage	24	static
../Core/Src/main.c:100:6:decryptMessage	16	static
../Core/Src/main.c:104:5:main	48	static
../Core/Src/main.c:183:13:MX_USART1_UART_Init	8	static
../Core/Src/main.c:198:13:MX_GPIO_Init	48	static
../Core/Src/main.c:218:6:HAL_GPIO_EXTI_Callback	16	static
../Core/Src/main.c:225:6:SystemClock_Config	88	static
../Core/Src/main.c:259:13:MX_I2C1_Init	8	static
../Core/Src/main.c:274:13:MX_ADC1_Init	24	static
../Core/Src/main.c:299:6:Error_Handler	4	static,ignoring_inline_asm
